/home/meghana/tcg-pokemon-ai-player/tools/fit_evaluator.py:244: DeprecationWarning: Python 3.14 will, by default, filter extracted tar archives and reject files or modify their metadata. Use the filter argument to control this behavior.
  tf.extractall(tmp)
engine loaded, cards=1267
states=124,054 from ~1800 episodes, win rate=0.500

evaluator                      AUC   accuracy
shipped (hand-picked)       0.6567     0.6064
refit (same features)       0.7400     0.6582

feature              shipped     refit    ratio
prize_diff            0.4000    2.6698     6.67
mon_count_diff        0.0500   -0.2498    -5.00
mon_hp_diff           0.0600    0.3158     5.26
mon_energy_diff       0.0150    0.1170     7.80
mon_atk_diff          0.0010    0.0133    13.31
mon_stage1_diff       0.0200    0.0686     3.43
mon_stage2_diff       0.0400   -0.2001    -5.00
my_hand               0.0100    0.0940     9.40
opp_hand             -0.0060   -0.0933    15.55
my_deck_out          -0.3500   -2.4405     6.97
my_deck_low          -0.1000   -0.3089     3.09
opp_deck_out          0.3500    2.4897     7.11
status_diff           0.0200    2.5357   126.79
bias                  0.0000   -0.0026

turn range           n   shipped     refit
0-10             24030    0.6380    0.6994
10-20             6536    0.7351    0.8523
20-30              352    0.4571    0.7738

temperature    |v|>0.95  |v|>0.80     std      AUC
1.0               0.004     0.061   0.419   0.7400   <- chosen
2.0               0.000     0.000   0.249   0.7400
3.0               0.000     0.000   0.174   0.7400
4.0               0.000     0.000   0.133   0.7400
6.0               0.000     0.000   0.090   0.7400
8.0               0.000     0.000   0.068   0.7400

shipped evaluator for comparison: |v|>0.95 = 0.003, std = 0.318

wrote data/evaluator_fit.json
