4 archives, 120 games, budget 1.1s/move, 11 workers
[kaggle_environments.envs.open_spiel_env.open_spiel_env] INFO: Successfully loaded OpenSpiel environments: 41.
[kaggle_environments.envs.open_spiel_env.open_spiel_env] INFO: OpenSpiel games skipped: 0.
[kaggle_environments.envs.open_spiel_env.open_spiel_env] INFO: Successfully loaded OpenSpiel environments: 41.
[kaggle_environments.envs.open_spiel_env.open_spiel_env] INFO: OpenSpiel games skipped: 0.
[kaggle_environments.envs.open_spiel_env.open_spiel_env] INFO: Successfully loaded OpenSpiel environments: 41.
[kaggle_environments.envs.open_spiel_env.open_spiel_env] INFO: Successfully loaded OpenSpiel environments: 41.
[kaggle_environments.envs.open_spiel_env.open_spiel_env] INFO: OpenSpiel games skipped: 0.
[kaggle_environments.envs.open_spiel_env.open_spiel_env] INFO: Successfully loaded OpenSpiel environments: 41.
[kaggle_environments.envs.open_spiel_env.open_spiel_env] INFO: OpenSpiel games skipped: 0.
[kaggle_environments.envs.open_spiel_env.open_spiel_env] INFO: OpenSpiel games skipped: 0.
[kaggle_environments.envs.open_spiel_env.open_spiel_env] INFO: Successfully loaded OpenSpiel environments: 41.
[kaggle_environments.envs.open_spiel_env.open_spiel_env] INFO: OpenSpiel games skipped: 0.
[kaggle_environments.envs.open_spiel_env.open_spiel_env] INFO: Successfully loaded OpenSpiel environments: 41.
[kaggle_environments.envs.open_spiel_env.open_spiel_env] INFO: Successfully loaded OpenSpiel environments: 41.
[kaggle_environments.envs.open_spiel_env.open_spiel_env] INFO: OpenSpiel games skipped: 0.
[kaggle_environments.envs.open_spiel_env.open_spiel_env] INFO: OpenSpiel games skipped: 0.
[kaggle_environments.envs.open_spiel_env.open_spiel_env] INFO: Successfully loaded OpenSpiel environments: 41.
[kaggle_environments.envs.open_spiel_env.open_spiel_env] INFO: Successfully loaded OpenSpiel environments: 41.
[kaggle_environments.envs.open_spiel_env.open_spiel_env] INFO: Successfully loaded OpenSpiel environments: 41.
[kaggle_environments.envs.open_spiel_env.open_spiel_env] INFO: OpenSpiel games skipped: 0.
[kaggle_environments.envs.open_spiel_env.open_spiel_env] INFO: OpenSpiel games skipped: 0.
[kaggle_environments.envs.open_spiel_env.open_spiel_env] INFO: OpenSpiel games skipped: 0.
  5/120 games (2.8 min, eta 63 min)
  10/120 games (3.9 min, eta 43 min)
  15/120 games (5.3 min, eta 37 min)
  20/120 games (6.4 min, eta 32 min)
  25/120 games (8.0 min, eta 30 min)
  30/120 games (9.2 min, eta 28 min)
  35/120 games (10.6 min, eta 26 min)
  40/120 games (11.8 min, eta 24 min)
  45/120 games (12.9 min, eta 22 min)
  50/120 games (14.1 min, eta 20 min)
  55/120 games (15.2 min, eta 18 min)
  60/120 games (16.5 min, eta 16 min)
  65/120 games (17.1 min, eta 14 min)
  70/120 games (18.3 min, eta 13 min)
  75/120 games (18.8 min, eta 11 min)
  80/120 games (20.1 min, eta 10 min)
  85/120 games (21.2 min, eta 9 min)
  90/120 games (22.6 min, eta 8 min)
  95/120 games (23.3 min, eta 6 min)
  100/120 games (24.7 min, eta 5 min)
  105/120 games (26.7 min, eta 4 min)
  110/120 games (27.5 min, eta 3 min)
  115/120 games (28.3 min, eta 1 min)
  120/120 games (30.5 min, eta 0 min)

=== round robin ===
     +16.7  submission_nonet_field_16             32- 28 ( 53.3%)
     +16.7  submission_nonet_field_4              32- 28 ( 53.3%)
      +8.4  submission_shell_nonet_techgrim       31- 29 ( 51.7%)
     -41.7  submission_nonet_field_9              25- 35 ( 41.7%)

wrote harness/gate_round3_decks.json
