5 archives, 200 games, budget 1.1s/move, 11 workers
[kaggle_environments.envs.open_spiel_env.open_spiel_env] INFO: Successfully loaded OpenSpiel environments: 41.
[kaggle_environments.envs.open_spiel_env.open_spiel_env] INFO: Successfully loaded OpenSpiel environments: 41.
[kaggle_environments.envs.open_spiel_env.open_spiel_env] INFO: OpenSpiel games skipped: 0.
[kaggle_environments.envs.open_spiel_env.open_spiel_env] INFO: OpenSpiel games skipped: 0.
[kaggle_environments.envs.open_spiel_env.open_spiel_env] INFO: Successfully loaded OpenSpiel environments: 41.
[kaggle_environments.envs.open_spiel_env.open_spiel_env] INFO: OpenSpiel games skipped: 0.
[kaggle_environments.envs.open_spiel_env.open_spiel_env] INFO: Successfully loaded OpenSpiel environments: 41.
[kaggle_environments.envs.open_spiel_env.open_spiel_env] INFO: OpenSpiel games skipped: 0.
[kaggle_environments.envs.open_spiel_env.open_spiel_env] INFO: Successfully loaded OpenSpiel environments: 41.
[kaggle_environments.envs.open_spiel_env.open_spiel_env] INFO: OpenSpiel games skipped: 0.
[kaggle_environments.envs.open_spiel_env.open_spiel_env] INFO: Successfully loaded OpenSpiel environments: 41.
[kaggle_environments.envs.open_spiel_env.open_spiel_env] INFO: OpenSpiel games skipped: 0.
[kaggle_environments.envs.open_spiel_env.open_spiel_env] INFO: Successfully loaded OpenSpiel environments: 41.
[kaggle_environments.envs.open_spiel_env.open_spiel_env] INFO: OpenSpiel games skipped: 0.
[kaggle_environments.envs.open_spiel_env.open_spiel_env] INFO: Successfully loaded OpenSpiel environments: 41.
[kaggle_environments.envs.open_spiel_env.open_spiel_env] INFO: OpenSpiel games skipped: 0.
[kaggle_environments.envs.open_spiel_env.open_spiel_env] INFO: Successfully loaded OpenSpiel environments: 41.
[kaggle_environments.envs.open_spiel_env.open_spiel_env] INFO: OpenSpiel games skipped: 0.
[kaggle_environments.envs.open_spiel_env.open_spiel_env] INFO: Successfully loaded OpenSpiel environments: 41.
[kaggle_environments.envs.open_spiel_env.open_spiel_env] INFO: OpenSpiel games skipped: 0.
[kaggle_environments.envs.open_spiel_env.open_spiel_env] INFO: Successfully loaded OpenSpiel environments: 41.
[kaggle_environments.envs.open_spiel_env.open_spiel_env] INFO: OpenSpiel games skipped: 0.
  5/200 games (2.7 min, eta 106 min)
  10/200 games (2.9 min, eta 55 min)
  15/200 games (5.0 min, eta 62 min)
  20/200 games (5.6 min, eta 51 min)
  25/200 games (7.5 min, eta 52 min)
  30/200 games (8.4 min, eta 48 min)
  35/200 games (10.2 min, eta 48 min)
  40/200 games (10.9 min, eta 43 min)
  45/200 games (11.8 min, eta 41 min)
  50/200 games (14.0 min, eta 42 min)
  55/200 games (14.8 min, eta 39 min)
  60/200 games (16.7 min, eta 39 min)
  65/200 games (17.9 min, eta 37 min)
  70/200 games (19.1 min, eta 35 min)
  75/200 games (20.8 min, eta 35 min)
  80/200 games (21.6 min, eta 32 min)
  85/200 games (23.2 min, eta 31 min)
  90/200 games (24.6 min, eta 30 min)
  95/200 games (25.8 min, eta 28 min)
  100/200 games (26.6 min, eta 27 min)
  105/200 games (28.4 min, eta 26 min)
  110/200 games (29.4 min, eta 24 min)
  115/200 games (30.9 min, eta 23 min)
  120/200 games (32.1 min, eta 21 min)
  125/200 games (33.7 min, eta 20 min)
  130/200 games (34.8 min, eta 19 min)
  135/200 games (36.1 min, eta 17 min)
  140/200 games (37.2 min, eta 16 min)
  145/200 games (38.9 min, eta 15 min)
  150/200 games (39.6 min, eta 13 min)
  155/200 games (41.0 min, eta 12 min)
  160/200 games (42.3 min, eta 11 min)
  165/200 games (43.9 min, eta 9 min)
  170/200 games (45.2 min, eta 8 min)
  175/200 games (46.3 min, eta 7 min)
  180/200 games (47.3 min, eta 5 min)
  185/200 games (47.9 min, eta 4 min)
  190/200 games (49.5 min, eta 3 min)
  195/200 games (50.2 min, eta 1 min)
  200/200 games (52.5 min, eta 0 min)

=== round robin ===
    +202.6  grpo_tech_grim_972_912_811            64- 16 ( 80.0%)
    +105.8  submission_grpo_deck_field16          53- 27 ( 66.2%)
     +49.0  submission_grpo_deck_field4           46- 34 ( 57.5%)
    -164.8  submission_shell_nonet_techgrim       20- 60 ( 25.0%)
    -192.6  submission_ppo_bcsearch               17- 63 ( 21.2%)

wrote harness/gate_round2.json
