device: cuda
loaded 8 shards, 720000 samples, cap 90000/shard
loaded 1 shards, 90000 samples, cap 90000/shard
train 720000 / val 90000; split=separate shards; features=rich; tensors=GPU-resident (6.09 GiB)
ep 1/12  train p=1.1700 v=0.8744  | val p=1.1451 v=0.8058 top1=58.9%
ep 2/12  train p=0.9954 v=0.7411  | val p=1.0004 v=0.7227 top1=64.8%
ep 3/12  train p=0.8777 v=0.6784  | val p=0.9466 v=0.6980 top1=66.9%
ep 4/12  train p=0.8099 v=0.6426  | val p=0.8957 v=0.6919 top1=68.3%
ep 5/12  train p=0.7636 v=0.6088  | val p=0.8745 v=0.6883 top1=68.9%
ep 6/12  train p=0.7314 v=0.5718  | val p=0.8591 v=0.7148 top1=69.5%
ep 7/12  train p=0.7043 v=0.5260  | val p=0.8454 v=0.7295 top1=69.8%
ep 8/12  train p=0.6763 v=0.4667  | val p=0.8381 v=0.7639 top1=70.5%
ep 9/12  train p=0.6484 v=0.3955  | val p=0.8436 v=0.7906 top1=70.3%
ep 10/12  train p=0.6199 v=0.3243  | val p=0.8557 v=0.8401 top1=70.2%
ep 11/12  train p=0.5941 v=0.2686  | val p=0.8746 v=0.8705 top1=70.1%
ep 12/12  train p=0.5777 v=0.2379  | val p=0.8887 v=0.8875 top1=70.0%
early stop: option-only CE has not improved for 4 epochs
restored best policy checkpoint: epoch 8, held-out option CE 0.8381

==== GATES ====
policy top-1 vs replay: net 70.5%  |  raw option-0 34.6%
value MAE              : net 0.615  |  predict-mean baseline 0.991
policy gate: PASS   value gate: PASS
exported data/model_bc_general.npz
