Loading environment chess failed: No module named 'kaggle_environments.envs.chess.chess'
Loading environment llm_20_questions failed: No module named 'kaggle_environments.envs.llm_20_questions.llm_20_questions'
Loading environment lux_ai_s2 failed: No module named 'kaggle_environments.envs.lux_ai_s2.lux_ai_s2'
Loading environment open_spiel_env failed: No module named 'pokerkit'
Loading environment werewolf failed: No module named 'pydantic'
game 0: A seat 0 -> +1  (1W 0L 0D)  17s
game 1: A seat 1 -> +1  (2W 0L 0D)  17s
game 2: A seat 0 -> +1  (3W 0L 0D)  13s
game 3: A seat 1 -> -1  (3W 1L 0D)  22s
game 4: A seat 0 -> +1  (4W 1L 0D)  16s
game 5: A seat 1 -> +1  (5W 1L 0D)  21s
game 6: A seat 0 -> +1  (6W 1L 0D)  17s
game 7: A seat 1 -> +1  (7W 1L 0D)  3s
game 8: A seat 0 -> +1  (8W 1L 0D)  22s
game 9: A seat 1 -> +1  (9W 1L 0D)  16s
game 10: A seat 0 -> +1  (10W 1L 0D)  15s
game 11: A seat 1 -> +1  (11W 1L 0D)  16s
game 12: A seat 0 -> +1  (12W 1L 0D)  16s
game 13: A seat 1 -> +1  (13W 1L 0D)  20s
game 14: A seat 0 -> +1  (14W 1L 0D)  16s
game 15: A seat 1 -> +1  (15W 1L 0D)  17s
game 16: A seat 0 -> +1  (16W 1L 0D)  21s
game 17: A seat 1 -> +1  (17W 1L 0D)  18s
game 18: A seat 0 -> +1  (18W 1L 0D)  19s
game 19: A seat 1 -> +1  (19W 1L 0D)  20s
game 20: A seat 0 -> +1  (20W 1L 0D)  18s
game 21: A seat 1 -> -1  (20W 2L 0D)  22s
game 22: A seat 0 -> +1  (21W 2L 0D)  18s
game 23: A seat 1 -> +1  (22W 2L 0D)  20s

A=track1_search/variants/richbc_search_21k  B=track1_search/variants/richbc_search
A record: 22W 2L 0D of 24   win rate 91.7% +/- 11% (95% CI)
VERDICT: A is better (significant)
